#-----------------------------------------------------------
# Vivado v2025.1 (64-bit)
# SW Build 6140274 on Thu May 22 00:12:29 MDT 2025
# IP Build 6138677 on Thu May 22 03:10:11 MDT 2025
# SharedData Build 6139179 on Tue May 20 17:58:58 MDT 2025
# Start of session at: Sat Aug 30 16:40:12 2025
# Process ID         : 14684
# Current directory  : E:/Xilinx_project/counter_2
# Command line       : vivado.exe -gui_launcher_event rodinguilauncherevent5744 E:\Xilinx_project\counter_2\counter_2.xpr
# Log file           : E:/Xilinx_project/counter_2/vivado.log
# Journal file       : E:/Xilinx_project/counter_2\vivado.jou
# Running On         : DESKTOP-BEQKE54
# Platform           : Windows Server 2016 or Windows 10
# Operating System   : 19045
# Processor Detail   : AMD Ryzen 3 3300U with Radeon Vega Mobile Gfx  
# CPU Frequency      : 2096 MHz
# CPU Physical cores : 4
# CPU Logical cores  : 4
# Host memory        : 3667 MB
# Swap memory        : 4684 MB
# Total Virtual      : 8352 MB
# Available Virtual  : 1769 MB
#-----------------------------------------------------------
start_gui
open_project -read_only E:/Xilinx_project/counter_2/counter_2.xpr
update_compile_order -fileset sources_1
