#-----------------------------------------------------------
# Vivado v2025.1 (64-bit)
# SW Build 6140274 on Thu May 22 00:12:29 MDT 2025
# IP Build 6138677 on Thu May 22 03:10:11 MDT 2025
# SharedData Build 6139179 on Tue May 20 17:58:58 MDT 2025
# Start of session at: Mon Sep  1 10:41:28 2025
# Process ID         : 13600
# Current directory  : E:/Xilinx_project/Basic_Concept
# Command line       : vivado.exe -gui_launcher_event rodinguilauncherevent8928 E:\Xilinx_project\Basic_Concept\Basic_Concept.xpr
# Log file           : E:/Xilinx_project/Basic_Concept/vivado.log
# Journal file       : E:/Xilinx_project/Basic_Concept\vivado.jou
# Running On         : DESKTOP-BEQKE54
# Platform           : Windows Server 2016 or Windows 10
# Operating System   : 19045
# Processor Detail   : AMD Ryzen 3 3300U with Radeon Vega Mobile Gfx  
# CPU Frequency      : 2096 MHz
# CPU Physical cores : 4
# CPU Logical cores  : 4
# Host memory        : 3667 MB
# Swap memory        : 10572 MB
# Total Virtual      : 14239 MB
# Available Virtual  : 4871 MB
#-----------------------------------------------------------
start_gui
open_project E:/Xilinx_project/Basic_Concept/Basic_Concept.xpr
update_compile_order -fileset sources_1
